Fetching RoleBindings for user: u-x6fds
{
  "namespace": "ns-vmi-testing",
  "role": "project-member",
  "roleKind": "ClusterRole",
  "subjects": [
    {
      "apiGroup": "rbac.authorization.k8s.io",
      "kind": "User",
      "name": "u-x6fds"
    }
  ]
}
{
  "namespace": "ns-vmi-testing",
  "role": "edit",
  "roleKind": "ClusterRole",
  "subjects": [
    {
      "apiGroup": "rbac.authorization.k8s.io",
      "kind": "User",
      "name": "u-x6fds"
    }
  ]
}
Fetching ClusterRoleBindings for user: u-x6fds
{
  "role": "p-mn7rd-namespaces-edit",
  "roleKind": "ClusterRole",
  "subjects": [
    {
      "apiGroup": "rbac.authorization.k8s.io",
      "kind": "User",
      "name": "u-x6fds"
    }
  ]
}
{
  "role": "create-ns",
  "roleKind": "ClusterRole",
  "subjects": [
    {
      "apiGroup": "rbac.authorization.k8s.io",
      "kind": "User",
      "name": "u-x6fds"
    }
  ]
}
{
  "role": "project-member-promoted",
  "roleKind": "ClusterRole",
  "subjects": [
    {
      "apiGroup": "rbac.authorization.k8s.io",
      "kind": "User",
      "name": "u-x6fds"
    }
  ]
}

========== Fetching Rules for Associated Roles and ClusterRoles ==========

------------------------------------------
ClusterRole: project-member
------------------------------------------
apiVersion: rbac.authorization.k8s.io/v1
kind: ClusterRole
metadata:
  annotations:
    authz.cluster.cattle.io/clusterrole-owner: project-member
  creationTimestamp: "2024-10-09T01:04:38Z"
  labels:
    cattle.io/creator: norman
  name: project-member
  resourceVersion: "55236"
  uid: 601a24f3-86b4-48ed-b06b-6617f83bb94c
rules:
- apiGroups:
  - ui.cattle.io
  resources:
  - navlinks
  verbs:
  - get
  - list
  - watch
- apiGroups:
  - management.cattle.io
  resources:
  - projectroletemplatebindings
  verbs:
  - get
  - list
  - watch
- apiGroups:
  - project.cattle.io
  resources:
  - apps
  verbs:
  - '*'
- apiGroups:
  - project.cattle.io
  resources:
  - apprevisions
  verbs:
  - '*'
- apiGroups:
  - ""
  resources:
  - namespaces
  verbs:
  - create
- apiGroups:
  - ""
  resources:
  - persistentvolumes
  verbs:
  - get
  - list
  - watch
- apiGroups:
  - storage.k8s.io
  resources:
  - storageclasses
  verbs:
  - get
  - list
  - watch
- apiGroups:
  - apiregistration.k8s.io
  resources:
  - apiservices
  verbs:
  - get
  - list
  - watch
- apiGroups:
  - ""
  resources:
  - persistentvolumeclaims
  verbs:
  - '*'
- apiGroups:
  - metrics.k8s.io
  resources:
  - pods
  verbs:
  - '*'
- apiGroups:
  - management.cattle.io
  resources:
  - clusterevents
  verbs:
  - get
  - list
  - watch
- apiGroups:
  - management.cattle.io
  resources:
  - notifiers
  verbs:
  - get
  - list
  - watch
- apiGroups:
  - management.cattle.io
  resources:
  - projectalertrules
  verbs:
  - '*'
- apiGroups:
  - management.cattle.io
  resources:
  - projectalertgroups
  verbs:
  - '*'
- apiGroups:
  - management.cattle.io
  resources:
  - projectloggings
  verbs:
  - get
  - list
  - watch
- apiGroups:
  - management.cattle.io
  resources:
  - clustercatalogs
  verbs:
  - get
  - list
  - watch
- apiGroups:
  - management.cattle.io
  resources:
  - projectcatalogs
  verbs:
  - get
  - list
  - watch
- apiGroups:
  - management.cattle.io
  resources:
  - projectmonitorgraphs
  verbs:
  - get
  - list
  - watch
- apiGroups:
  - management.cattle.io
  resources:
  - catalogtemplates
  verbs:
  - get
  - list
  - watch
- apiGroups:
  - management.cattle.io
  resources:
  - catalogtemplateversions
  verbs:
  - get
  - list
  - watch
- apiGroups:
  - monitoring.cattle.io
  resources:
  - prometheus
  verbs:
  - view
- apiGroups:
  - monitoring.coreos.com
  resources:
  - prometheuses
  - prometheusrules
  - servicemonitors
  verbs:
  - '*'
- apiGroups:
  - networking.istio.io
  resources:
  - destinationrules
  - envoyfilters
  - gateways
  - serviceentries
  - sidecars
  - virtualservices
  verbs:
  - '*'
- apiGroups:
  - config.istio.io
  resources:
  - apikeys
  - authorizations
  - checknothings
  - circonuses
  - deniers
  - fluentds
  - handlers
  - kubernetesenvs
  - kuberneteses
  - listcheckers
  - listentries
  - logentries
  - memquotas
  - metrics
  - opas
  - prometheuses
  - quotas
  - quotaspecbindings
  - quotaspecs
  - rbacs
  - reportnothings
  - rules
  - solarwindses
  - stackdrivers
  - statsds
  - stdios
  verbs:
  - '*'
- apiGroups:
  - authentication.istio.io
  resources:
  - policies
  verbs:
  - '*'
- apiGroups:
  - rbac.istio.io
  resources:
  - rbacconfigs
  - serviceroles
  - servicerolebindings
  verbs:
  - '*'
- apiGroups:
  - security.istio.io
  resources:
  - authorizationpolicies
  verbs:
  - '*'
- apiGroups:
  - catalog.cattle.io
  resources:
  - clusterrepos
  verbs:
  - get
  - list
  - watch
- apiGroups:
  - catalog.cattle.io
  resources:
  - operations
  verbs:
  - get
  - list
  - watch
- apiGroups:
  - catalog.cattle.io
  resources:
  - releases
  verbs:
  - get
  - list
  - watch
- apiGroups:
  - catalog.cattle.io
  resources:
  - apps
  verbs:
  - get
  - list
  - watch
- apiGroups:
  - management.cattle.io
  resourceNames:
  - local
  resources:
  - clusters
  verbs:
  - get
------------------------------------------
------------------------------------------
ClusterRole: edit
------------------------------------------
aggregationRule:
  clusterRoleSelectors:
  - matchLabels:
      rbac.authorization.k8s.io/aggregate-to-edit: "true"
apiVersion: rbac.authorization.k8s.io/v1
kind: ClusterRole
metadata:
  annotations:
    rbac.authorization.kubernetes.io/autoupdate: "true"
  creationTimestamp: "2024-10-07T13:31:14Z"
  labels:
    kubernetes.io/bootstrapping: rbac-defaults
    rbac.authorization.k8s.io/aggregate-to-admin: "true"
  name: edit
  resourceVersion: "26405"
  uid: ed58ea45-0e97-4478-b909-004c76f57ffc
rules:
- apiGroups:
  - harvesterhci.io
  resources:
  - keypairs
  - virtualmachineimages
  - virtualmachinetemplates
  - virtualmachinetemplateversions
  - virtualmachinebackups
  - virtualmachinerestores
  verbs:
  - '*'
- apiGroups:
  - k8s.cni.cncf.io
  resources:
  - network-attachment-definitions
  verbs:
  - '*'
- apiGroups:
  - snapshot.storage.k8s.io
  resources:
  - volumesnapshots
  - volumesnapshotcontents
  verbs:
  - '*'
- apiGroups:
  - subresources.kubevirt.io
  resources:
  - virtualmachineinstances/console
  - virtualmachineinstances/vnc
  - virtualmachineinstances/vnc/screenshot
  - virtualmachineinstances/portforward
  - virtualmachineinstances/guestosinfo
  - virtualmachineinstances/filesystemlist
  - virtualmachineinstances/userlist
  - virtualmachineinstances/sev/fetchcertchain
  - virtualmachineinstances/sev/querylaunchmeasurement
  verbs:
  - get
- apiGroups:
  - subresources.kubevirt.io
  resources:
  - virtualmachineinstances/pause
  - virtualmachineinstances/unpause
  - virtualmachineinstances/addvolume
  - virtualmachineinstances/removevolume
  - virtualmachineinstances/freeze
  - virtualmachineinstances/unfreeze
  - virtualmachineinstances/softreboot
  - virtualmachineinstances/sev/setupsession
  - virtualmachineinstances/sev/injectlaunchsecret
  verbs:
  - update
- apiGroups:
  - subresources.kubevirt.io
  resources:
  - virtualmachines/expand-spec
  - virtualmachines/portforward
  verbs:
  - get
- apiGroups:
  - subresources.kubevirt.io
  resources:
  - virtualmachines/start
  - virtualmachines/stop
  - virtualmachines/restart
  - virtualmachines/addvolume
  - virtualmachines/removevolume
  - virtualmachines/migrate
  - virtualmachines/memorydump
  verbs:
  - update
- apiGroups:
  - subresources.kubevirt.io
  resources:
  - expand-vm-spec
  verbs:
  - update
- apiGroups:
  - kubevirt.io
  resources:
  - virtualmachines
  - virtualmachineinstances
  - virtualmachineinstancepresets
  - virtualmachineinstancereplicasets
  - virtualmachineinstancemigrations
  verbs:
  - get
  - delete
  - create
  - update
  - patch
  - list
  - watch
- apiGroups:
  - snapshot.kubevirt.io
  resources:
  - virtualmachinesnapshots
  - virtualmachinesnapshotcontents
  - virtualmachinerestores
  verbs:
  - get
  - delete
  - create
  - update
  - patch
  - list
  - watch
- apiGroups:
  - export.kubevirt.io
  resources:
  - virtualmachineexports
  verbs:
  - get
  - delete
  - create
  - update
  - patch
  - list
  - watch
- apiGroups:
  - clone.kubevirt.io
  resources:
  - virtualmachineclones
  verbs:
  - get
  - delete
  - create
  - update
  - patch
  - list
  - watch
- apiGroups:
  - instancetype.kubevirt.io
  resources:
  - virtualmachineinstancetypes
  - virtualmachineclusterinstancetypes
  - virtualmachinepreferences
  - virtualmachineclusterpreferences
  verbs:
  - get
  - delete
  - create
  - update
  - patch
  - list
  - watch
- apiGroups:
  - pool.kubevirt.io
  resources:
  - virtualmachinepools
  verbs:
  - get
  - delete
  - create
  - update
  - patch
  - list
  - watch
- apiGroups:
  - kubevirt.io
  resources:
  - kubevirts
  verbs:
  - get
  - list
- apiGroups:
  - migrations.kubevirt.io
  resources:
  - migrationpolicies
  verbs:
  - get
  - list
  - watch
- apiGroups:
  - ""
  resources:
  - pods/attach
  - pods/exec
  - pods/portforward
  - pods/proxy
  - secrets
  - services/proxy
  verbs:
  - get
  - list
  - watch
- apiGroups:
  - ""
  resources:
  - serviceaccounts
  verbs:
  - impersonate
- apiGroups:
  - ""
  resources:
  - pods
  - pods/attach
  - pods/exec
  - pods/portforward
  - pods/proxy
  verbs:
  - create
  - delete
  - deletecollection
  - patch
  - update
- apiGroups:
  - ""
  resources:
  - pods/eviction
  verbs:
  - create
- apiGroups:
  - ""
  resources:
  - configmaps
  - events
  - persistentvolumeclaims
  - replicationcontrollers
  - replicationcontrollers/scale
  - secrets
  - serviceaccounts
  - services
  - services/proxy
  verbs:
  - create
  - delete
  - deletecollection
  - patch
  - update
- apiGroups:
  - ""
  resources:
  - serviceaccounts/token
  verbs:
  - create
- apiGroups:
  - apps
  resources:
  - daemonsets
  - deployments
  - deployments/rollback
  - deployments/scale
  - replicasets
  - replicasets/scale
  - statefulsets
  - statefulsets/scale
  verbs:
  - create
  - delete
  - deletecollection
  - patch
  - update
- apiGroups:
  - autoscaling
  resources:
  - horizontalpodautoscalers
  verbs:
  - create
  - delete
  - deletecollection
  - patch
  - update
- apiGroups:
  - batch
  resources:
  - cronjobs
  - jobs
  verbs:
  - create
  - delete
  - deletecollection
  - patch
  - update
- apiGroups:
  - extensions
  resources:
  - daemonsets
  - deployments
  - deployments/rollback
  - deployments/scale
  - ingresses
  - networkpolicies
  - replicasets
  - replicasets/scale
  - replicationcontrollers/scale
  verbs:
  - create
  - delete
  - deletecollection
  - patch
  - update
- apiGroups:
  - policy
  resources:
  - poddisruptionbudgets
  verbs:
  - create
  - delete
  - deletecollection
  - patch
  - update
- apiGroups:
  - networking.k8s.io
  resources:
  - ingresses
  - networkpolicies
  verbs:
  - create
  - delete
  - deletecollection
  - patch
  - update
- apiGroups:
  - coordination.k8s.io
  resources:
  - leases
  verbs:
  - create
  - delete
  - deletecollection
  - get
  - list
  - patch
  - update
  - watch
- apiGroups:
  - metrics.k8s.io
  resources:
  - pods
  - nodes
  verbs:
  - get
  - list
  - watch
- apiGroups:
  - harvesterhci.io
  resources:
  - keypairs
  - virtualmachineimages
  - virtualmachinetemplates
  - virtualmachinetemplateversions
  - virtualmachinebackups
  - virtualmachinerestores
  verbs:
  - get
  - list
  - watch
- apiGroups:
  - k8s.cni.cncf.io
  resources:
  - network-attachment-definitions
  verbs:
  - get
  - list
  - watch
- apiGroups:
  - ""
  resources:
  - secrets
  verbs:
  - get
  - list
  - watch
- apiGroups:
  - snapshot.storage.k8s.io
  resources:
  - volumesnapshots
  - volumesnapshotcontents
  verbs:
  - get
  - list
  - watch
- apiGroups:
  - subresources.kubevirt.io
  resources:
  - virtualmachines/expand-spec
  - virtualmachineinstances/guestosinfo
  - virtualmachineinstances/filesystemlist
  - virtualmachineinstances/userlist
  - virtualmachineinstances/sev/fetchcertchain
  - virtualmachineinstances/sev/querylaunchmeasurement
  verbs:
  - get
- apiGroups:
  - kubevirt.io
  resources:
  - virtualmachines
  - virtualmachineinstances
  - virtualmachineinstancepresets
  - virtualmachineinstancereplicasets
  - virtualmachineinstancemigrations
  verbs:
  - get
  - list
  - watch
- apiGroups:
  - snapshot.kubevirt.io
  resources:
  - virtualmachinesnapshots
  - virtualmachinesnapshotcontents
  - virtualmachinerestores
  verbs:
  - get
  - list
  - watch
- apiGroups:
  - export.kubevirt.io
  resources:
  - virtualmachineexports
  verbs:
  - get
  - list
  - watch
- apiGroups:
  - clone.kubevirt.io
  resources:
  - virtualmachineclones
  verbs:
  - get
  - list
  - watch
- apiGroups:
  - instancetype.kubevirt.io
  resources:
  - virtualmachineinstancetypes
  - virtualmachineclusterinstancetypes
  - virtualmachinepreferences
  - virtualmachineclusterpreferences
  verbs:
  - get
  - list
  - watch
- apiGroups:
  - pool.kubevirt.io
  resources:
  - virtualmachinepools
  verbs:
  - get
  - list
  - watch
- apiGroups:
  - ""
  resources:
  - configmaps
  - endpoints
  - persistentvolumeclaims
  - persistentvolumeclaims/status
  - pods
  - replicationcontrollers
  - replicationcontrollers/scale
  - serviceaccounts
  - services
  - services/status
  verbs:
  - get
  - list
  - watch
- apiGroups:
  - ""
  resources:
  - bindings
  - events
  - limitranges
  - namespaces/status
  - pods/log
  - pods/status
  - replicationcontrollers/status
  - resourcequotas
  - resourcequotas/status
  verbs:
  - get
  - list
  - watch
- apiGroups:
  - ""
  resources:
  - namespaces
  verbs:
  - get
  - list
  - watch
- apiGroups:
  - discovery.k8s.io
  resources:
  - endpointslices
  verbs:
  - get
  - list
  - watch
- apiGroups:
  - apps
  resources:
  - controllerrevisions
  - daemonsets
  - daemonsets/status
  - deployments
  - deployments/scale
  - deployments/status
  - replicasets
  - replicasets/scale
  - replicasets/status
  - statefulsets
  - statefulsets/scale
  - statefulsets/status
  verbs:
  - get
  - list
  - watch
- apiGroups:
  - autoscaling
  resources:
  - horizontalpodautoscalers
  - horizontalpodautoscalers/status
  verbs:
  - get
  - list
  - watch
- apiGroups:
  - batch
  resources:
  - cronjobs
  - cronjobs/status
  - jobs
  - jobs/status
  verbs:
  - get
  - list
  - watch
- apiGroups:
  - extensions
  resources:
  - daemonsets
  - daemonsets/status
  - deployments
  - deployments/scale
  - deployments/status
  - ingresses
  - ingresses/status
  - networkpolicies
  - replicasets
  - replicasets/scale
  - replicasets/status
  - replicationcontrollers/scale
  verbs:
  - get
  - list
  - watch
- apiGroups:
  - policy
  resources:
  - poddisruptionbudgets
  - poddisruptionbudgets/status
  verbs:
  - get
  - list
  - watch
- apiGroups:
  - networking.k8s.io
  resources:
  - ingresses
  - ingresses/status
  - networkpolicies
  verbs:
  - get
  - list
  - watch
------------------------------------------
------------------------------------------
ClusterRole: p-mn7rd-namespaces-edit
------------------------------------------
apiVersion: rbac.authorization.k8s.io/v1
kind: ClusterRole
metadata:
  annotations:
    authz.cluster.auth.io/project-namespaces: p-mn7rd-namespaces-edit
  creationTimestamp: "2024-10-09T00:57:42Z"
  labels:
    cattle.io/creator: norman
  name: p-mn7rd-namespaces-edit
  resourceVersion: "51147"
  uid: 6cb3253a-3816-41ec-96e7-772bb3b09878
rules:
- apiGroups:
  - management.cattle.io
  resourceNames:
  - p-mn7rd
  resources:
  - projects
  verbs:
  - manage-namespaces
- apiGroups:
  - ""
  resourceNames:
  - ns-vmi-testing
  resources:
  - namespaces
  verbs:
  - '*'
------------------------------------------
------------------------------------------
ClusterRole: create-ns
------------------------------------------
apiVersion: rbac.authorization.k8s.io/v1
kind: ClusterRole
metadata:
  annotations:
    authz.cluster.cattle.io/clusterrole-owner: create-ns
  creationTimestamp: "2024-10-09T00:56:24Z"
  labels:
    cattle.io/creator: norman
  name: create-ns
  resourceVersion: "48597"
  uid: 856e03ee-18d8-41ad-86d4-42d8c35493ab
rules:
- apiGroups:
  - ""
  resources:
  - namespaces
  verbs:
  - create
------------------------------------------
------------------------------------------
ClusterRole: project-member-promoted
------------------------------------------
apiVersion: rbac.authorization.k8s.io/v1
kind: ClusterRole
metadata:
  creationTimestamp: "2024-10-09T01:04:38Z"
  labels:
    cattle.io/creator: norman
  name: project-member-promoted
  resourceVersion: "55249"
  uid: 5eb89954-ce7e-4cc3-a63b-83cc44f858db
rules:
- apiGroups:
  - ""
  - core
  resources:
  - persistentvolumes
  verbs:
  - get
  - list
  - watch
- apiGroups:
  - storage.k8s.io
  resources:
  - storageclasses
  verbs:
  - get
  - list
  - watch
- apiGroups:
  - ui.cattle.io
  resources:
  - navlinks
  verbs:
  - get
  - list
  - watch
- apiGroups:
  - apiregistration.k8s.io
  resources:
  - apiservices
  verbs:
  - get
  - list
  - watch
- apiGroups:
  - management.cattle.io
  resourceNames:
  - local
  resources:
  - clusters
  verbs:
  - get
- apiGroups:
  - catalog.cattle.io
  resources:
  - clusterrepos
  verbs:
  - get
  - list
  - watch
------------------------------------------
=====================================================================
